Transform failed with 1 error:
C:/Users/EmirhanPervanlar/Documents/Default Project/src/hooks/usePuzzleSolver.ts:171:1: ERROR: Unexpected end of file
[2m22:13:28[22m [31m[1m[vite][22m[39m [31mInternal server error: Transform failed with 1 error:
C:/Users/EmirhanPervanlar/Documents/Default Project/src/hooks/usePuzzleSolver.ts:171:1: ERROR: Unexpected end of file[39m
  Plugin: [35mvite:esbuild[39m
  File: [36mC:/Users/EmirhanPervanlar/Documents/Default Project/src/hooks/usePuzzleSolver.ts[39m:171:1
[33m  
  [33mUnexpected end of file[33m
  169|      toggleCheck,
  170|    }
  171|  }
     |   ^
  [39m
      at failureErrorWithLog (C:\Users\EmirhanPervanlar\Documents\Default Project\node_modules\esbuild\lib\main.js:1649:15)
      at C:\Users\EmirhanPervanlar\Documents\Default Project\node_modules\esbuild\lib\main.js:847:29
      at responseCallbacks.<computed> (C:\Users\EmirhanPervanlar\Documents\Default Project\node_modules\esbuild\lib\main.js:703:9)
      at handleIncomingPacket (C:\Users\EmirhanPervanlar\Documents\Default Project\node_modules\esbuild\lib\main.js:762:9)
      at Socket.readFromStdout (C:\Users\EmirhanPervanlar\Documents\Default Project\node_modules\esbuild\lib\main.js:679:7)
      at Socket.emit (node:events:390:28)
      at addChunk (node:internal/streams/readable:315:12)
      at readableAddChunk (node:internal/streams/readable:289:9)
      at Socket.Readable.push (node:internal/streams/readable:228:10)
      at Pipe.onStreamRead (node:internal/stream_base_commons:199:23)
Failed to parse JSON file, invalid JSON syntax found at line 425
Failed to parse JSON file, invalid JSON syntax found at line 425
Failed to parse JSON file, invalid JSON syntax found at line 404
Failed to parse JSON file, invalid JSON syntax found at line 428
Failed to parse JSON file, invalid JSON syntax found at line 404
Failed to parse JSON file, invalid JSON syntax found at line 404
Failed to parse JSON file, invalid JSON syntax found at line 425
Failed to parse JSON file, invalid JSON syntax found at line 425
Failed to parse JSON file, invalid JSON syntax found at line 425
Failed to parse JSON file, invalid JSON syntax found at line 425
Failed to parse JSON file, invalid JSON syntax found at line 428
Failed to parse JSON file, invalid JSON syntax found at line 428
[2m23:27:44[22m [31m[1m[vite][22m[39m [31mInternal server error: Failed to parse JSON file, invalid JSON syntax found at line 425[39m
  Plugin: [35mvite:json[39m
  File: [36mC:/Users/EmirhanPervanlar/Documents/Default Project/src/data/sets/oxford-3000.json[39m
      at formatError (file:///C:/Users/EmirhanPervanlar/Documents/Default%20Project/node_modules/vite/dist/node/chunks/dep-827b23df.js:44066:46)
      at TransformContext.error (file:///C:/Users/EmirhanPervanlar/Documents/Default%20Project/node_modules/vite/dist/node/chunks/dep-827b23df.js:44062:19)
      at TransformContext.transform (file:///C:/Users/EmirhanPervanlar/Documents/Default%20Project/node_modules/vite/dist/node/chunks/dep-827b23df.js:40373:22)
      at Object.transform (file:///C:/Users/EmirhanPervanlar/Documents/Default%20Project/node_modules/vite/dist/node/chunks/dep-827b23df.js:44356:62)
      at async loadAndTransform (file:///C:/Users/EmirhanPervanlar/Documents/Default%20Project/node_modules/vite/dist/node/chunks/dep-827b23df.js:55088:29)
      at async viteTransformMiddleware (file:///C:/Users/EmirhanPervanlar/Documents/Default%20Project/node_modules/vite/dist/node/chunks/dep-827b23df.js:64699:32)
[2m23:27:45[22m [31m[1m[vite][22m[39m [31mInternal server error: Failed to parse JSON file, invalid JSON syntax found at line 425[39m
  Plugin: [35mvite:json[39m
  File: [36mC:/Users/EmirhanPervanlar/Documents/Default Project/src/data/sets/cambridge-3000.json[39m
      at formatError (file:///C:/Users/EmirhanPervanlar/Documents/Default%20Project/node_modules/vite/dist/node/chunks/dep-827b23df.js:44066:46)
      at TransformContext.error (file:///C:/Users/EmirhanPervanlar/Documents/Default%20Project/node_modules/vite/dist/node/chunks/dep-827b23df.js:44062:19)
      at TransformContext.transform (file:///C:/Users/EmirhanPervanlar/Documents/Default%20Project/node_modules/vite/dist/node/chunks/dep-827b23df.js:40373:22)
      at Object.transform (file:///C:/Users/EmirhanPervanlar/Documents/Default%20Project/node_modules/vite/dist/node/chunks/dep-827b23df.js:44356:62)
      at async loadAndTransform (file:///C:/Users/EmirhanPervanlar/Documents/Default%20Project/node_modules/vite/dist/node/chunks/dep-827b23df.js:55088:29)
      at async viteTransformMiddleware (file:///C:/Users/EmirhanPervanlar/Documents/Default%20Project/node_modules/vite/dist/node/chunks/dep-827b23df.js:64699:32)
[2m23:27:45[22m [31m[1m[vite][22m[39m [31mInternal server error: Failed to parse JSON file, invalid JSON syntax found at line 428[39m
  Plugin: [35mvite:json[39m
  File: [36mC:/Users/EmirhanPervanlar/Documents/Default Project/src/data/sets/oxford-5000.json[39m
      at formatError (file:///C:/Users/EmirhanPervanlar/Documents/Default%20Project/node_modules/vite/dist/node/chunks/dep-827b23df.js:44066:46)
      at TransformContext.error (file:///C:/Users/EmirhanPervanlar/Documents/Default%20Project/node_modules/vite/dist/node/chunks/dep-827b23df.js:44062:19)
      at TransformContext.transform (file:///C:/Users/EmirhanPervanlar/Documents/Default%20Project/node_modules/vite/dist/node/chunks/dep-827b23df.js:40373:22)
      at Object.transform (file:///C:/Users/EmirhanPervanlar/Documents/Default%20Project/node_modules/vite/dist/node/chunks/dep-827b23df.js:44356:62)
      at async loadAndTransform (file:///C:/Users/EmirhanPervanlar/Documents/Default%20Project/node_modules/vite/dist/node/chunks/dep-827b23df.js:55088:29)
      at async viteTransformMiddleware (file:///C:/Users/EmirhanPervanlar/Documents/Default%20Project/node_modules/vite/dist/node/chunks/dep-827b23df.js:64699:32)
[2m23:27:45[22m [31m[1m[vite][22m[39m [31mInternal server error: Failed to parse JSON file, invalid JSON syntax found at line 404[39m
  Plugin: [35mvite:json[39m
  File: [36mC:/Users/EmirhanPervanlar/Documents/Default Project/src/data/sets/phrasal-verbs.json[39m
      at formatError (file:///C:/Users/EmirhanPervanlar/Documents/Default%20Project/node_modules/vite/dist/node/chunks/dep-827b23df.js:44066:46)
      at TransformContext.error (file:///C:/Users/EmirhanPervanlar/Documents/Default%20Project/node_modules/vite/dist/node/chunks/dep-827b23df.js:44062:19)
      at TransformContext.transform (file:///C:/Users/EmirhanPervanlar/Documents/Default%20Project/node_modules/vite/dist/node/chunks/dep-827b23df.js:40373:22)
      at Object.transform (file:///C:/Users/EmirhanPervanlar/Documents/Default%20Project/node_modules/vite/dist/node/chunks/dep-827b23df.js:44356:62)
      at async loadAndTransform (file:///C:/Users/EmirhanPervanlar/Documents/Default%20Project/node_modules/vite/dist/node/chunks/dep-827b23df.js:55088:29)
      at async viteTransformMiddleware (file:///C:/Users/EmirhanPervanlar/Documents/Default%20Project/node_modules/vite/dist/node/chunks/dep-827b23df.js:64699:32)
